ENCUESTA DE SATISFACCIÓN DE CLIENTES 2026

Nombre Empresa

RUT Empresa

Nombre Encuestado (a)

Correo

Teléfono

1.Evaluación de Servicios Entregados

Recibe sus pedidos completos

Recibe sus pedidos rápidamente (24 - 48 hrs)

Obtiene respuesta oportuna ante reclamos,
consultas y requerimientos adicionales

2.Evaluación de Productos Comprados

El producto está bien presentado (aspecto visual)
El producto es de buena calidad

Recibe información de productos NUEVOS, variedad

y alternativas.

3.Evaluación del Personal

Recibe contacto permanente de su ejecutivo

La calidad de la atención proporcionada es buena

El personal tiene dominio de información técnica

4.Redes Sociales (puede marcar más de una opción)

Qué Red Social es la que más usa

Cuál es la red Social por donde
nos sigue

— Recibe nuestro correo Informativo

| Observaciones y Recomendaciones

í General-
Siempre manta Rara vez Nunca
>90% 65% - 89% 40% - 64%

General-
mente
>90% 65% — 89% 40% - 64% < 40%

ae E —
— . E

General-
mente
>90% 65% — 89%

Siempre Rara vez Nunca

vSiempre Rara vez Nunca

40% — 64% < 40%

